2025-12-04T23:48:14.643361200Z ERROR [test.category] user=<none> | Failure
java.lang.RuntimeException: Boom
	at cz.vsb.minibank.application.AppLoggerTest.logsErrorWithStacktrace(AppLoggerTest.java:75)
	at java.base/jdk.internal.reflect.NativeMethodAccessorImpl.invoke0(Native Method)
	at java.base/jdk.internal.reflect.NativeMethodAccessorImpl.invoke(NativeMethodAccessorImpl.java:77)
	at java.base/jdk.internal.reflect.DelegatingMethodAccessorImpl.invoke(DelegatingMethodAccessorImpl.java:43)
	at java.base/java.lang.reflect.Method.invoke(Method.java:568)
	at org.junit.platform.commons.util.ReflectionUtils.invokeMethod(ReflectionUtils.java:728)
	at org.junit.jupiter.engine.execution.MethodInvocation.proceed(MethodInvocation.java:60)
	at org.junit.jupiter.engine.execution.InvocationInterceptorChain$ValidatingInvocation.proceed(InvocationInterceptorChain.java:131)
	at org.junit.jupiter.engine.extension.TimeoutExtension.intercept(TimeoutExtension.java:156)
	at org.junit.jupiter.engine.extension.TimeoutExtension.interceptTestableMethod(TimeoutExtension.java:147)
	at org.junit.jupiter.engine.extension.TimeoutExtension.interceptTestMethod(TimeoutExtension.java:86)
	at org.junit.jupiter.engine.execution.InterceptingExecutableInvoker$ReflectiveInterceptorCall.lambda$ofVoidMethod$0(InterceptingExecutableInvoker.java:103)
	at org.junit.jupiter.engine.execution.InterceptingExecutableInvoker.lambda$invoke$0(InterceptingExecutableInvoker.java:93)
	at org.junit.jupiter.engine.execution.InvocationInterceptorChain$InterceptedInvocation.proceed(InvocationInterceptorChain.java:106)
	at org.junit.jupiter.engine.execution.InvocationInterceptorChain.proceed(InvocationInterceptorChain.java:64)
	at org.junit.jupiter.engine.execution.InvocationInterceptorChain.chainAndInvoke(InvocationInterceptorChain.java:45)
	at org.junit.jupiter.engine.execution.InvocationInterceptorChain.invoke(InvocationInterceptorChain.java:37)
	at org.junit.jupiter.engine.execution.InterceptingExecutableInvoker.invoke(InterceptingExecutableInvoker.java:92)
	at org.junit.jupiter.engine.execution.InterceptingExecutableInvoker.invoke(InterceptingExecutableInvoker.java:86)
	at org.junit.jupiter.engine.descriptor.TestMethodTestDescriptor.lambda$invokeTestMethod$7(TestMethodTestDescriptor.java:218)
	at org.junit.platform.engine.support.hierarchical.ThrowableCollector.execute(ThrowableCollector.java:73)
	at org.junit.jupiter.engine.descriptor.TestMethodTestDescriptor.invokeTestMethod(TestMethodTestDescriptor.java:214)
	at org.junit.jupiter.engine.descriptor.TestMethodTestDescriptor.execute(TestMethodTestDescriptor.java:139)
	at org.junit.jupiter.engine.descriptor.TestMethodTestDescriptor.execute(TestMethodTestDescriptor.java:69)
	at org.junit.platform.engine.support.hierarchical.NodeTestTask.lambda$executeRecursively$6(NodeTestTask.java:151)
	at org.junit.platform.engine.support.hierarchical.ThrowableCollector.execute(ThrowableCollector.java:73)
	at org.junit.platform.engine.support.hierarchical.NodeTestTask.lambda$executeRecursively$8(NodeTestTask.java:141)
	at org.junit.platform.engine.support.hierarchical.Node.around(Node.java:137)
	at org.junit.platform.engine.support.hierarchical.NodeTestTask.lambda$executeRecursively$9(NodeTestTask.java:139)
	at org.junit.platform.engine.support.hierarchical.ThrowableCollector.execute(ThrowableCollector.java:73)
	at org.junit.platform.engine.support.hierarchical.NodeTestTask.executeRecursively(NodeTestTask.java:138)
	at org.junit.platform.engine.support.hierarchical.NodeTestTask.execute(NodeTestTask.java:95)
	at java.base/java.util.ArrayList.forEach(ArrayList.java:1511)
	at org.junit.platform.engine.support.hierarchical.SameThreadHierarchicalTestExecutorService.invokeAll(SameThreadHierarchicalTestExecutorService.java:41)
	at org.junit.platform.engine.support.hierarchical.NodeTestTask.lambda$executeRecursively$6(NodeTestTask.java:155)
	at org.junit.platform.engine.support.hierarchical.ThrowableCollector.execute(ThrowableCollector.java:73)
	at org.junit.platform.engine.support.hierarchical.NodeTestTask.lambda$executeRecursively$8(NodeTestTask.java:141)
	at org.junit.platform.engine.support.hierarchical.Node.around(Node.java:137)
	at org.junit.platform.engine.support.hierarchical.NodeTestTask.lambda$executeRecursively$9(NodeTestTask.java:139)
	at org.junit.platform.engine.support.hierarchical.ThrowableCollector.execute(ThrowableCollector.java:73)
	at org.junit.platform.engine.support.hierarchical.NodeTestTask.executeRecursively(NodeTestTask.java:138)
	at org.junit.platform.engine.support.hierarchical.NodeTestTask.execute(NodeTestTask.java:95)
	at java.base/java.util.ArrayList.forEach(ArrayList.java:1511)
	at org.junit.platform.engine.support.hierarchical.SameThreadHierarchicalTestExecutorService.invokeAll(SameThreadHierarchicalTestExecutorService.java:41)
	at org.junit.platform.engine.support.hierarchical.NodeTestTask.lambda$executeRecursively$6(NodeTestTask.java:155)
	at org.junit.platform.engine.support.hierarchical.ThrowableCollector.execute(ThrowableCollector.java:73)
	at org.junit.platform.engine.support.hierarchical.NodeTestTask.lambda$executeRecursively$8(NodeTestTask.java:141)
	at org.junit.platform.engine.support.hierarchical.Node.around(Node.java:137)
	at org.junit.platform.engine.support.hierarchical.NodeTestTask.lambda$executeRecursively$9(NodeTestTask.java:139)
	at org.junit.platform.engine.support.hierarchical.ThrowableCollector.execute(ThrowableCollector.java:73)
	at org.junit.platform.engine.support.hierarchical.NodeTestTask.executeRecursively(NodeTestTask.java:138)
	at org.junit.platform.engine.support.hierarchical.NodeTestTask.execute(NodeTestTask.java:95)
	at org.junit.platform.engine.support.hierarchical.SameThreadHierarchicalTestExecutorService.submit(SameThreadHierarchicalTestExecutorService.java:35)
	at org.junit.platform.engine.support.hierarchical.HierarchicalTestExecutor.execute(HierarchicalTestExecutor.java:57)
	at org.junit.platform.engine.support.hierarchical.HierarchicalTestEngine.execute(HierarchicalTestEngine.java:54)
	at org.junit.platform.launcher.core.EngineExecutionOrchestrator.execute(EngineExecutionOrchestrator.java:198)
	at org.junit.platform.launcher.core.EngineExecutionOrchestrator.execute(EngineExecutionOrchestrator.java:169)
	at org.junit.platform.launcher.core.EngineExecutionOrchestrator.execute(EngineExecutionOrchestrator.java:93)
	at org.junit.platform.launcher.core.EngineExecutionOrchestrator.lambda$execute$0(EngineExecutionOrchestrator.java:58)
	at org.junit.platform.launcher.core.EngineExecutionOrchestrator.withInterceptedStreams(EngineExecutionOrchestrator.java:141)
	at org.junit.platform.launcher.core.EngineExecutionOrchestrator.execute(EngineExecutionOrchestrator.java:57)
	at org.junit.platform.launcher.core.DefaultLauncher.execute(DefaultLauncher.java:103)
	at org.junit.platform.launcher.core.DefaultLauncher.execute(DefaultLauncher.java:85)
	at org.junit.platform.launcher.core.DelegatingLauncher.execute(DelegatingLauncher.java:47)
	at org.junit.platform.launcher.core.SessionPerRequestLauncher.execute(SessionPerRequestLauncher.java:63)
	at com.intellij.junit5.JUnit5IdeaTestRunner.startRunnerWithArgs(JUnit5IdeaTestRunner.java:57)
	at com.intellij.rt.junit.IdeaTestRunner$Repeater$1.execute(IdeaTestRunner.java:38)
	at com.intellij.rt.execution.junit.TestsRepeater.repeat(TestsRepeater.java:11)
	at com.intellij.rt.junit.IdeaTestRunner$Repeater.startRunnerWithArgs(IdeaTestRunner.java:35)
	at com.intellij.rt.junit.JUnitStarter.prepareStreamsAndStart(JUnitStarter.java:232)
	at com.intellij.rt.junit.JUnitStarter.main(JUnitStarter.java:55)
2025-12-04T23:48:19.607441300Z AUDIT [audit.transfer] user=alice(CUSTOMER) | Transfer 5087: CREATED -> WAITING_AUTH, amount=1000.00 CZK, sourceAccountId=101
2025-12-04T23:48:19.724996800Z AUDIT [audit.transfer] user=alice(CUSTOMER) | Transfer 5088: CREATED -> WAITING_AUTH, amount=1000.00 CZK, sourceAccountId=101
2025-12-04T23:48:19.727012400Z AUDIT [audit.transfer] user=alice(CUSTOMER) | Transfer 5088: CREATED -> WAITING_AUTH, amount=1000.00 CZK, sourceAccountId=101
2025-12-04T23:48:19.830836500Z AUDIT [audit.transfer] user=alice(CUSTOMER) | Transfer 5089: CREATED -> WAITING_AUTH, amount=1000.00 CZK, sourceAccountId=101
2025-12-04T23:48:19.832852Z AUDIT [audit.transfer] user=alice(CUSTOMER) | Transfer 5089: CREATED -> WAITING_AUTH, amount=1000.00 CZK, sourceAccountId=101
2025-12-04T23:48:19.834867600Z AUDIT [audit.transfer] user=alice(CUSTOMER) | Transfer 5089: CREATED -> WAITING_AUTH, amount=1000.00 CZK, sourceAccountId=101
2025-12-04T23:48:19.926152200Z AUDIT [audit.transfer] user=alice(CUSTOMER) | Transfer 5090: CREATED -> WAITING_AUTH, amount=1000.00 CZK, sourceAccountId=101
2025-12-04T23:48:19.928152700Z AUDIT [audit.transfer] user=alice(CUSTOMER) | Transfer 5090: CREATED -> WAITING_AUTH, amount=1000.00 CZK, sourceAccountId=101
2025-12-04T23:48:19.932680700Z AUDIT [audit.transfer] user=alice(CUSTOMER) | Transfer 5090: CREATED -> WAITING_AUTH, amount=1000.00 CZK, sourceAccountId=101
2025-12-04T23:48:19.950361400Z AUDIT [audit.transfer] user=alice(CUSTOMER) | Transfer 5090: CREATED -> WAITING_AUTH, amount=1000.00 CZK, sourceAccountId=101
2025-12-04T23:48:19.952365200Z AUDIT [audit.transfer] user=alice(CUSTOMER) | Transfer 5090: CREATED -> WAITING_AUTH, amount=1000.00 CZK, sourceAccountId=101
2025-12-04T23:48:20.010779Z AUDIT [audit.transfer] user=alice(CUSTOMER) | Transfer 5091: CREATED -> WAITING_AUTH, amount=1000.00 CZK, sourceAccountId=101
2025-12-04T23:48:20.011777700Z AUDIT [audit.transfer] user=alice(CUSTOMER) | Transfer 5091: CREATED -> WAITING_AUTH, amount=1000.00 CZK, sourceAccountId=101
2025-12-04T23:48:20.012778700Z AUDIT [audit.transfer] user=alice(CUSTOMER) | Transfer 5091: CREATED -> WAITING_AUTH, amount=1000.00 CZK, sourceAccountId=101
2025-12-04T23:48:20.014778100Z AUDIT [audit.transfer] user=alice(CUSTOMER) | Transfer 5091: CREATED -> WAITING_AUTH, amount=1000.00 CZK, sourceAccountId=101
2025-12-04T23:48:20.016777100Z AUDIT [audit.transfer] user=alice(CUSTOMER) | Transfer 5091: CREATED -> WAITING_AUTH, amount=1000.00 CZK, sourceAccountId=101
2025-12-04T23:48:20.017568500Z AUDIT [audit.transfer] user=alice(CUSTOMER) | Transfer 5091: CREATED -> WAITING_AUTH, amount=1000.00 CZK, sourceAccountId=101
2025-12-04T23:48:20.023615700Z AUDIT [audit.transfer] user=alice(CUSTOMER) | Transfer 5091: WAITING_AUTH -> DECLINED, amount=1000.00 CZK, sourceAccountId=101
2025-12-04T23:48:20.024629400Z AUDIT [audit.transfer] user=alice(CUSTOMER) | Transfer 5091: WAITING_AUTH -> DECLINED, amount=1000.00 CZK, sourceAccountId=101
2025-12-04T23:48:20.026628800Z AUDIT [audit.transfer] user=alice(CUSTOMER) | Transfer 5091: WAITING_AUTH -> DECLINED, amount=1000.00 CZK, sourceAccountId=101
2025-12-04T23:48:20.027629800Z AUDIT [audit.transfer] user=alice(CUSTOMER) | Transfer 5091: WAITING_AUTH -> DECLINED, amount=1000.00 CZK, sourceAccountId=101
2025-12-04T23:48:20.029630700Z AUDIT [audit.transfer] user=alice(CUSTOMER) | Transfer 5091: WAITING_AUTH -> DECLINED, amount=1000.00 CZK, sourceAccountId=101
2025-12-04T23:48:20.031636200Z AUDIT [audit.transfer] user=alice(CUSTOMER) | Transfer 5091: WAITING_AUTH -> DECLINED, amount=1000.00 CZK, sourceAccountId=101
2025-12-04T23:48:20.165539400Z AUDIT [audit.transfer] user=alice(CUSTOMER) | Transfer 5001: CREATED -> WAITING_AUTH, amount=1000.00 CZK, sourceAccountId=100
2025-12-04T23:48:20.167535700Z AUDIT [audit.transfer] user=alice(CUSTOMER) | Transfer 5001: CREATED -> WAITING_AUTH, amount=1000.00 CZK, sourceAccountId=100
2025-12-04T23:48:20.171536900Z AUDIT [audit.transfer] user=alice(CUSTOMER) | Transfer 5001: CREATED -> WAITING_AUTH, amount=1000.00 CZK, sourceAccountId=100
2025-12-04T23:48:20.179075500Z AUDIT [audit.transfer] user=alice(CUSTOMER) | Transfer 5001: CREATED -> WAITING_AUTH, amount=1000.00 CZK, sourceAccountId=100
2025-12-04T23:48:20.179855Z AUDIT [audit.transfer] user=alice(CUSTOMER) | Transfer 5001: CREATED -> WAITING_AUTH, amount=1000.00 CZK, sourceAccountId=100
2025-12-04T23:48:20.181869400Z AUDIT [audit.transfer] user=alice(CUSTOMER) | Transfer 5001: CREATED -> WAITING_AUTH, amount=1000.00 CZK, sourceAccountId=100
2025-12-04T23:48:20.182868400Z AUDIT [audit.transfer] user=alice(CUSTOMER) | Transfer 5001: CREATED -> WAITING_AUTH, amount=1000.00 CZK, sourceAccountId=100
2025-12-04T23:48:20.183878300Z AUDIT [audit.transfer] user=alice(CUSTOMER) | Transfer 5001: CREATED -> WAITING_AUTH, amount=1000.00 CZK, sourceAccountId=100
2025-12-04T23:48:20.184870200Z AUDIT [audit.transfer] user=alice(CUSTOMER) | Transfer 5001: CREATED -> WAITING_AUTH, amount=1000.00 CZK, sourceAccountId=100
2025-12-04T23:48:20.193044500Z AUDIT [audit.transfer] user=alice(CUSTOMER) | Transfer 5001: WAITING_AUTH -> SENT, amount=1000.00 CZK, sourceAccountId=100
2025-12-04T23:48:20.194044500Z AUDIT [audit.transfer] user=alice(CUSTOMER) | Transfer 5001: WAITING_AUTH -> SENT, amount=1000.00 CZK, sourceAccountId=100
2025-12-04T23:48:20.198047200Z AUDIT [audit.transfer] user=alice(CUSTOMER) | Transfer 5001: WAITING_AUTH -> SENT, amount=1000.00 CZK, sourceAccountId=100
2025-12-04T23:48:20.200566200Z AUDIT [audit.transfer] user=alice(CUSTOMER) | Transfer 5001: WAITING_AUTH -> SENT, amount=1000.00 CZK, sourceAccountId=100
2025-12-04T23:48:20.227482800Z AUDIT [audit.transfer] user=alice(CUSTOMER) | Transfer 5001: WAITING_AUTH -> SENT, amount=1000.00 CZK, sourceAccountId=100
2025-12-04T23:48:20.229014900Z AUDIT [audit.transfer] user=alice(CUSTOMER) | Transfer 5001: WAITING_AUTH -> SENT, amount=1000.00 CZK, sourceAccountId=100
2025-12-04T23:48:20.232027600Z AUDIT [audit.transfer] user=alice(CUSTOMER) | Transfer 5001: WAITING_AUTH -> SENT, amount=1000.00 CZK, sourceAccountId=100
2025-12-04T23:48:20.233737100Z AUDIT [audit.transfer] user=alice(CUSTOMER) | Transfer 5001: WAITING_AUTH -> SENT, amount=1000.00 CZK, sourceAccountId=100
2025-12-04T23:48:20.238749500Z AUDIT [audit.transfer] user=alice(CUSTOMER) | Transfer 5001: WAITING_AUTH -> SENT, amount=1000.00 CZK, sourceAccountId=100
